version https://git-lfs.github.com/spec/v1
oid sha256:7c6cfa0a971a30787b29d021571bb3f8dfbf83562d75e9168ac511a25e428b61
size 11066
