version https://git-lfs.github.com/spec/v1
oid sha256:03384f702385633a41203eda172e0fb0d40571b78c6824d60c80b78cb07f1254
size 1424
