version https://git-lfs.github.com/spec/v1
oid sha256:39506231952217b525700b280d2a12fd2fdea01acd2efbf925afe7edd8f1f3ad
size 13818
