version https://git-lfs.github.com/spec/v1
oid sha256:4993560a42061094cac4fdff43c284acb42e659ce2b3435ae425ae35e6299448
size 2545
