version https://git-lfs.github.com/spec/v1
oid sha256:63bf87f1d59f1de063e45c5020a2f823461b7c11d9f41500e841f558f032e473
size 1118
