version https://git-lfs.github.com/spec/v1
oid sha256:609817561afa4ec35d518691e766cc89acf3c2bc2798d0d35c0289ad6638ecbc
size 857
