version https://git-lfs.github.com/spec/v1
oid sha256:17131534ac25b60b63943a0228b87d6c5df83546485dbad676e65762c0ffe1d1
size 2914
