version https://git-lfs.github.com/spec/v1
oid sha256:d11d736599b5052b8a5ca44c3a2ac841cb0a7c20a5db71340675391107844eda
size 1613
