version https://git-lfs.github.com/spec/v1
oid sha256:1890b7d21d31d4a14818555a147861b903094719df5c022c0942706bb0b22b1a
size 515
