version https://git-lfs.github.com/spec/v1
oid sha256:42c143927bf51544b97725291a4ac1bf64cd7f34117ed0e5a79ad9a9a0a733ad
size 2823
