version https://git-lfs.github.com/spec/v1
oid sha256:137006ba657aee39eafd096ab34173ac0266a67252634f0605a535e5d3af2142
size 4061
