version https://git-lfs.github.com/spec/v1
oid sha256:64c4cdc63b3f2224c058d36ea01b4f9f91b7fe923c3f5308314b17a2a11fbf36
size 16342
